---
source: crates/rolldown_testing/src/integration_test.rs
---
# Assets

## main.js

```js
//#region main.js
/*!
* legal comment
*/
const foo = "foo";

//#endregion
export { foo };
```
