---
source: crates/rolldown_testing/src/integration_test.rs
---
# warnings

## EMPTY_IMPORT_META

```text
[EMPTY_IMPORT_META] Warning: `import.meta` may not be a valid syntax with the `cjs` output format.
   ╭─[ entry.js:1:30 ]
   │
 1 │ console.log(import.meta.url, import.meta.path)
   │                              ─────┬─────  
   │                                   ╰─────── This `import.meta` will be replaced with an empty object (`{}`) automatically. If this is desired, you can suppress this warning by adding `transform.define: { 'import.meta': {} }`. If `import.meta` needs to be kept as-is, you need to set the output format to `esm`.
───╯

```

# Assets

## entry.js

```js

//#region entry.js
console.log(require("url").pathToFileURL(__filename).href, {}.path);

//#endregion
```
