---
source: crates/rolldown_testing/src/integration_test.rs
---
# warnings

## EVAL

```text
[EVAL] Warning: Use of direct `eval` function is strongly discouraged as it poses security risks and may cause issues with minification.
   ╭─[ main.js:1:13 ]
   │
 1 │ console.log(eval('let a = 100'))
   │             ──┬─  
   │               ╰─── Use of direct `eval` here.
   │ 
   │ Help: Consider using indirect eval. For more information, check the documentation: https://rolldown.rs/guide/troubleshooting#avoiding-direct-eval
───╯

```

# Assets

## main.js

```js
//#region main.js
console.log(eval("let a = 100"));

//#endregion
```
