---
source: crates/rolldown_testing/src/integration_test.rs
---
# Assets

## entry.js

```js
'use 1';
'use 2';
'use 3';


(function() {


//#region nested.js
//! A
	//! B
	//! C
	nested();

//#endregion
//#region entry.js
//! 1
	//! 2
	//! 3
	entry();

//#endregion
})();
```
