---
source: crates/rolldown_testing/src/integration_test.rs
---
# warnings

## UNRESOLVED_IMPORT

```text
[UNRESOLVED_IMPORT] Warning: Could not resolve 'foo"' in main.js

```

## UNRESOLVED_IMPORT

```text
[UNRESOLVED_IMPORT] Warning: Could not resolve 'foo\bar' in main.js

```

# Assets

## main.js

```js
import a from "foo\"";
import b from "foo\\bar";

//#region main.js
console.log(a);
console.log(b);

//#endregion
```
